// Jest Snapshot v1, https://goo.gl/fbAQLP

exports[`renders a number 1`] = `
<div
  className="number"
>
  1
</div>
`;
